<html>
<body>
<pre>
<h1>µVision Build Log</h1>
<h2>Project:</h2>
F:\sys-tech\STM32\stm32_freertos\Project\demo1\MDK-ARM\freertos.uvproj
Project File Date:  05/28/2012

<h2>Output:</h2>
Clean started: Project: 'freertos'
   deleting intermediate output files for target 'freertos'
Rebuild target 'freertos'
compiling core_cm3.c...
compiling system_stm32f2xx.c...
assembling startup_stm32f2xx.s...
compiling misc.c...
compiling stm32f2xx_dma.c...
compiling stm32f2xx_exti.c...
compiling stm32f2xx_flash.c...
compiling stm32f2xx_fsmc.c...
compiling stm32f2xx_gpio.c...
compiling stm32f2xx_i2c.c...
compiling stm32f2xx_iwdg.c...
compiling stm32f2xx_pwr.c...
compiling stm32f2xx_rcc.c...
compiling stm32f2xx_rng.c...
compiling stm32f2xx_rtc.c...
compiling stm32f2xx_spi.c...
compiling stm32f2xx_syscfg.c...
compiling stm32f2xx_tim.c...
compiling stm32f2xx_usart.c...
compiling stm32f2xx_wwdg.c...
compiling list.c...
compiling queue.c...
compiling tasks.c...
compiling port.c...
compiling heap_2.c...
compiling main.c...
compiling serial_debug.c...
compiling stm32f2xx_it.c...
linking...
Program Size: Code=7424 RO-data=440 RW-data=144 ZI-data=18632  
".\output\freertos.axf" - 0 Error(s), 0 Warning(s).
Load "F:\\sys-tech\\STM32\\stm32_freertos\\Project\\demo1\\MDK-ARM\\output\\freertos.AXF" 
* JLink Info: Device "STM32F205RE" selected (512 KB flash, 64 KB RAM).
Set JLink Project File to "F:\sys-tech\STM32\stm32_freertos\Project\demo1\MDK-ARM\JLinkSettings.ini"
 
JLink info:
------------
DLL: V4.40c, compiled Jan 24 2012 09:30:33
Firmware: J-Link ARM V8 compiled Mar 19 2012 10:24:49
Hardware: V8.00
S/N : 68000019 
Feature(s) : RDI, FlashDL, FlashBP, JFlash, GDBFull 
 
* JLink Info: TotalIRLen = 9, IRPrint = 0x0011
* JLink Info: Found Cortex-M3 r2p0, Little endian.
* JLink Info: TPIU fitted.
* JLink Info: ETM fitted.
* JLink Info:   FPUnit: 6 code (BP) slots and 2 literal slots
ROMTableAddr = 0xE00FF003
* JLink Info: TotalIRLen = 9, IRPrint = 0x0011
* JLink Info: Found Cortex-M3 r2p0, Little endian.
* JLink Info: TPIU fitted.
* JLink Info: ETM fitted.
* JLink Info:   FPUnit: 6 code (BP) slots and 2 literal slots
* JLink Info: Found Cortex-M3 r2p0, Little endian.
* JLink Info: TPIU fitted.
* JLink Info: ETM fitted.
* JLink Info:   FPUnit: 6 code (BP) slots and 2 literal slots
 
Target info:
------------
Device: STM32F205RE
VTarget = 3.267V
State of Pins: 
TCK: 1, TDI: 0, TDO: 0, TMS: 0, TRES: 1, TRST: 1
Hardware-Breakpoints: 6
Software-Breakpoints: 8192
Watchpoints:          4
JTAG speed: 2000 kHz
 
Erase Done.
Programming Done.
Verify OK.
